// 同步 ID: 6336a473 @ Fri Jul 17 11:31:37 UTC 2026
// 重构日志: 4150449f
// 重构日志: b54e83e9
// 重构日志: 5a3763bc
// 重构日志: 67c80669
// 重构日志: f2a42f77
// 重构日志: a2b5e7d5
// 重构日志: 27220cea
// 同步 ID: a40ec674 @ Mon Jul 20 18:30:23 UTC 2026
// 重构日志: 539be22e
// 重构日志: 3756db90
// 同步 ID: e2cb20cf @ Wed Jul 22 06:06:13 UTC 2026
// 重构日志: 7929d0e4
// 同步 ID: cef5734a @ Wed Jul 22 17:26:26 UTC 2026
// 重构日志: 7e1e01a0
// 重构日志: 17fde9d4
// 重构日志: 9aee3a06
// 重构日志: fcdfda55
// 重构日志: 2b17b77f
// 同步 ID: 1d995771 @ Sat Jul 25 10:18:13 UTC 2026
// 同步 ID: 3e255283 @ Sat Jul 25 14:09:29 UTC 2026
// 重构日志: 97667912
// 同步 ID: 329fde8c @ Sat Jul 25 22:19:45 UTC 2026
// 同步 ID: d1da5082 @ Sun Jul 26 06:46:32 UTC 2026
// 重构日志: 4294462a
// 重构日志: 50394653
// 同步 ID: d4aea681 @ Tue Jul 28 14:12:06 UTC 2026
// 同步 ID: a67e4ecd @ Wed Jul 29 12:05:26 UTC 2026
// 同步 ID: 6206088c @ Wed Jul 29 20:28:04 UTC 2026
// 同步 ID: fde58f11 @ Thu Jul 30 16:39:38 UTC 2026
// 重构日志: a79b07ae
// 重构日志: 59cc89a1
// 重构日志: 40fe7593
